// Jest Snapshot v1, https://goo.gl/fbAQLP

exports[`Full page render and validation render and validate AMP version 1`] = `
"<!DOCTYPE html><html âš¡><head><style amp-boilerplate>
    body{-webkit-animation:-amp-start 8s steps(1,end) 0s 1 normal both;-moz-animation:-amp-start 8s steps(1,end) 0s 1 normal both;-ms-animation:-amp-start 8s steps(1,end) 0s 1 normal both;animation:-amp-start 8s steps(1,end) 0s 1 normal both}@-webkit-keyframes -amp-start{from{visibility:hidden}to{visibility:visible}}@-moz-keyframes -amp-start{from{visibility:hidden}to{visibility:visible}}@-ms-keyframes -amp-start{from{visibility:hidden}to{visibility:visible}}@-o-keyframes -amp-start{from{visibility:hidden}to{visibility:visible}}@keyframes -amp-start{from{visibility:hidden}to{visibility:visible}}
  </style><noscript><style amp-boilerplate>body{-webkit-animation:none;-moz-animation:none;-ms-animation:none;animation:none}</style></noscript><script async src=\\"https://cdn.ampproject.org/v0.js\\"></script><script async custom-element=\\"amp-video\\" src=\\"https://cdn.ampproject.org/v0/amp-video-0.1.js\\"></script><link rel=\\"canonical\\" href=\\"full-page-render.html\\"><meta charset=\\"utf-8\\"><meta name=\\"viewport\\" content=\\"width=device-width\\"></head><body><amp-img src=\\"images/mountains.webp\\" alt=\\"Mountains\\" height=\\"368\\" width=\\"550\\"><amp-img src=\\"images/mountains.jpg\\" alt=\\"Mountains\\" height=\\"368\\" width=\\"550\\" fallback></amp-img></amp-img><amp-video poster=\\"images/kitten-playing.png\\" controls height=\\"360\\" width=\\"640\\" layout=\\"responsive\\"><source src=\\"videos/kitten-playing.webm\\" type=\\"video/webm\\"><source src=\\"videos/kitten-playing.mp4\\" type=\\"video/mp4\\"><div fallback><p>This browser does not support the video element.</p></div></amp-video></body></html>"
`;
